2026-08-26 17:05:24 | INFO     | caltax:<module>:11 - Start the FastAPI server...
2026-08-26 17:05:59 | DEBUG    | caltax:<module>:11 - Start the FastAPI server...
2026-08-26 17:05:59 | INFO     | caltax:<module>:12 - Start the FastAPI server...
2026-08-26 17:05:59 | WARNING  | caltax:<module>:13 - Start the FastAPI server...
2026-08-26 17:05:59 | ERROR    | caltax:<module>:14 - Start the FastAPI server...
2026-08-26 17:05:59 | CRITICAL | caltax:<module>:15 - Start the FastAPI server...
2026-08-26 17:06:56 | DEBUG    | caltax:test_logger:13 - Start the FastAPI server...
2026-08-26 17:06:56 | INFO     | caltax:test_logger:14 - Start the FastAPI server...
2026-08-26 17:06:56 | WARNING  | caltax:test_logger:15 - Start the FastAPI server...
2026-08-26 17:06:56 | ERROR    | caltax:test_logger:16 - Start the FastAPI server...
2026-08-26 17:06:56 | CRITICAL | caltax:test_logger:17 - Start the FastAPI server...
2026-08-26 17:51:43 | INFO     | caltax:<module>:16 - Initializing FastAPI application...
2026-08-26 17:52:16 | INFO     | caltax:<module>:16 - Initializing FastAPI application...
2026-08-26 18:06:34 | INFO     | caltax:<module>:16 - Initializing FastAPI application...
2026-08-26 18:09:27 | INFO     | caltax:<module>:16 - Initializing FastAPI application...
2026-08-26 18:09:44 | INFO     | caltax:<module>:16 - Initializing FastAPI application...
2026-08-26 18:10:35 | INFO     | caltax:<module>:16 - Initializing FastAPI application...
2026-08-26 23:54:49 | INFO     | caltax:<module>:16 - Initializing FastAPI application...
2026-08-26 23:54:51 | WARNING  | caltax:http_exception_handler:51 - HTTP 404 on GET /favicon.ico: Not Found
2026-08-27 01:41:09 | INFO     | caltax:<module>:16 - Initializing FastAPI application...
2026-08-27 01:41:12 | INFO     | caltax:<module>:16 - Initializing FastAPI application...
2026-08-27 01:41:17 | INFO     | caltax:<module>:16 - Initializing FastAPI application...
2026-08-27 01:51:42 | INFO     | caltax:<module>:16 - Initializing FastAPI application...
2026-08-27 01:53:56 | INFO     | caltax:<module>:16 - Initializing FastAPI application...
2026-08-27 02:05:15 | INFO     | caltax:<module>:16 - Initializing FastAPI application...
2026-08-27 02:19:32 | INFO     | caltax:<module>:16 - Initializing FastAPI application...
2026-08-27 02:22:16 | INFO     | caltax:<module>:16 - Initializing FastAPI application...
2026-08-27 02:22:56 | INFO     | caltax:<module>:16 - Initializing FastAPI application...
2026-08-27 02:23:06 | INFO     | caltax:<module>:16 - Initializing FastAPI application...
2026-08-27 02:40:22 | INFO     | caltax:<module>:17 - Initializing FastAPI application...
2026-08-27 02:40:35 | INFO     | caltax:<module>:17 - Initializing FastAPI application...
2026-08-27 02:41:44 | INFO     | caltax:<module>:17 - Initializing FastAPI application...
2026-08-27 02:41:57 | INFO     | caltax:<module>:18 - Initializing FastAPI application...
2026-08-27 02:43:57 | INFO     | caltax:<module>:18 - Initializing FastAPI application...
2026-08-27 03:00:10 | INFO     | caltax:<module>:18 - Initializing FastAPI application...
2026-08-27 03:00:14 | INFO     | caltax:<module>:18 - Initializing FastAPI application...
2026-08-27 03:10:49 | INFO     | caltax:<module>:18 - Initializing FastAPI application...
2026-08-27 03:10:50 | INFO     | caltax:<module>:18 - Initializing FastAPI application...
2026-08-27 03:10:51 | INFO     | caltax:<module>:18 - Initializing FastAPI application...
2026-08-27 03:10:53 | INFO     | caltax:<module>:18 - Initializing FastAPI application...
2026-08-27 03:10:58 | INFO     | caltax:<module>:18 - Initializing FastAPI application...
2026-08-27 03:11:11 | INFO     | caltax:<module>:18 - Initializing FastAPI application...
2026-08-27 03:11:15 | INFO     | caltax:<module>:18 - Initializing FastAPI application...
2026-08-27 03:11:33 | INFO     | caltax:<module>:18 - Initializing FastAPI application...
2026-08-27 03:31:43 | INFO     | caltax:<module>:18 - Initializing FastAPI application...
2026-08-27 03:32:51 | INFO     | caltax:<module>:18 - Initializing FastAPI application...
2026-08-27 03:57:40 | INFO     | caltax:<module>:23 - Initializing FastAPI application...
2026-08-27 03:58:58 | INFO     | caltax:<module>:23 - Initializing FastAPI application...
2026-08-27 04:07:11 | INFO     | caltax:<module>:23 - Initializing FastAPI application...
2026-08-27 04:07:15 | INFO     | caltax:<module>:23 - Initializing FastAPI application...
2026-08-27 04:08:28 | INFO     | caltax:<module>:23 - Initializing FastAPI application...
2026-08-27 04:13:43 | INFO     | caltax:<module>:23 - Initializing FastAPI application...
2026-08-27 04:23:02 | INFO     | caltax:<module>:23 - Initializing FastAPI application...
2026-08-27 04:27:52 | INFO     | caltax:<module>:23 - Initializing FastAPI application...
2026-08-27 04:28:57 | INFO     | caltax:<module>:23 - Initializing FastAPI application...
2026-08-27 04:29:08 | INFO     | caltax:<module>:23 - Initializing FastAPI application...
2026-08-27 04:30:17 | INFO     | caltax:<module>:23 - Initializing FastAPI application...
2026-08-27 04:30:30 | INFO     | caltax:<module>:23 - Initializing FastAPI application...
2026-08-27 04:31:21 | INFO     | caltax:<module>:23 - Initializing FastAPI application...
2026-08-27 04:34:12 | INFO     | caltax:<module>:23 - Initializing FastAPI application...
2026-08-27 04:35:23 | INFO     | caltax:<module>:23 - Initializing FastAPI application...
2026-08-27 04:35:55 | INFO     | caltax:<module>:23 - Initializing FastAPI application...
2026-08-27 04:36:11 | INFO     | caltax:<module>:23 - Initializing FastAPI application...
2026-08-27 04:37:10 | INFO     | caltax:<module>:23 - Initializing FastAPI application...
2026-08-27 04:37:15 | INFO     | caltax:<module>:23 - Initializing FastAPI application...
2026-08-27 04:43:04 | INFO     | caltax:<module>:23 - Initializing FastAPI application...
2026-08-27 04:43:08 | INFO     | caltax:<module>:23 - Initializing FastAPI application...
2026-08-27 04:43:20 | INFO     | caltax:<module>:24 - Initializing FastAPI application...
2026-08-27 04:43:59 | INFO     | caltax:<module>:24 - Initializing FastAPI application...
2026-08-27 04:45:39 | INFO     | caltax:<module>:24 - Initializing FastAPI application...
2026-08-27 04:56:33 | INFO     | caltax:<module>:23 - Initializing FastAPI application...
2026-08-27 04:56:46 | INFO     | caltax:<module>:23 - Initializing FastAPI application...
2026-08-27 04:58:06 | INFO     | caltax:<module>:23 - Initializing FastAPI application...
2026-08-27 04:58:17 | INFO     | caltax:<module>:23 - Initializing FastAPI application...
2026-08-27 04:59:06 | INFO     | caltax:<module>:23 - Initializing FastAPI application...
2026-08-27 04:59:11 | INFO     | caltax:<module>:23 - Initializing FastAPI application...
2026-08-27 04:59:42 | INFO     | caltax:<module>:23 - Initializing FastAPI application...
2026-08-27 05:00:15 | INFO     | caltax:<module>:23 - Initializing FastAPI application...
2026-08-27 05:00:25 | INFO     | caltax:<module>:23 - Initializing FastAPI application...
2026-08-27 05:00:37 | INFO     | caltax:<module>:23 - Initializing FastAPI application...
2026-08-27 05:04:22 | INFO     | caltax:<module>:23 - Initializing FastAPI application...
2026-08-27 05:04:33 | INFO     | caltax:<module>:23 - Initializing FastAPI application...
2026-08-27 05:04:37 | INFO     | caltax:<module>:23 - Initializing FastAPI application...
2026-08-27 05:04:46 | INFO     | caltax:<module>:23 - Initializing FastAPI application...
2026-08-27 05:10:50 | INFO     | caltax:<module>:23 - Initializing FastAPI application...
2026-08-27 05:11:03 | INFO     | caltax:<module>:23 - Initializing FastAPI application...
2026-08-27 05:11:15 | INFO     | caltax:<module>:23 - Initializing FastAPI application...
2026-08-27 05:11:18 | INFO     | caltax:<module>:23 - Initializing FastAPI application...
2026-08-27 05:11:38 | INFO     | caltax:<module>:23 - Initializing FastAPI application...
2026-08-27 05:15:10 | INFO     | caltax:<module>:23 - Initializing FastAPI application...
2026-08-27 05:15:15 | INFO     | caltax:<module>:23 - Initializing FastAPI application...
2026-08-27 05:15:25 | INFO     | caltax:<module>:23 - Initializing FastAPI application...
2026-08-27 05:15:28 | INFO     | caltax:<module>:23 - Initializing FastAPI application...
2026-08-27 05:15:37 | INFO     | caltax:<module>:23 - Initializing FastAPI application...
2026-08-27 05:16:03 | INFO     | caltax:<module>:23 - Initializing FastAPI application...
2026-08-27 05:16:07 | INFO     | caltax:<module>:23 - Initializing FastAPI application...
2026-08-27 05:16:25 | INFO     | caltax:<module>:23 - Initializing FastAPI application...
2026-08-27 05:18:11 | INFO     | caltax:<module>:23 - Initializing FastAPI application...
2026-08-27 05:18:32 | INFO     | caltax:<module>:23 - Initializing FastAPI application...
2026-08-27 05:18:45 | INFO     | caltax:<module>:23 - Initializing FastAPI application...
2026-08-27 05:21:18 | INFO     | caltax:<module>:23 - Initializing FastAPI application...
2026-08-27 05:21:23 | INFO     | caltax:<module>:23 - Initializing FastAPI application...
2026-08-27 05:21:34 | INFO     | caltax:<module>:23 - Initializing FastAPI application...
2026-08-27 05:23:36 | INFO     | caltax:<module>:23 - Initializing FastAPI application...
2026-08-27 05:29:51 | INFO     | caltax:<module>:23 - Initializing FastAPI application...
2026-08-27 05:30:31 | INFO     | caltax:<module>:23 - Initializing FastAPI application...
2026-08-27 05:31:18 | INFO     | caltax:<module>:23 - Initializing FastAPI application...
2026-08-27 05:31:33 | INFO     | caltax:<module>:23 - Initializing FastAPI application...
2026-08-27 05:31:46 | INFO     | caltax:<module>:23 - Initializing FastAPI application...
2026-08-27 05:39:10 | INFO     | caltax:<module>:23 - Initializing FastAPI application...
2026-08-27 05:56:04 | INFO     | caltax:<module>:23 - Initializing FastAPI application...
2026-08-27 05:58:56 | INFO     | caltax:<module>:23 - Initializing FastAPI application...
2026-08-27 05:59:06 | INFO     | caltax:<module>:23 - Initializing FastAPI application...
2026-08-27 05:59:13 | INFO     | caltax:<module>:23 - Initializing FastAPI application...
2026-08-27 05:59:39 | INFO     | caltax:<module>:23 - Initializing FastAPI application...
2026-08-27 06:01:25 | INFO     | caltax:<module>:23 - Initializing FastAPI application...
2026-08-27 06:04:03 | INFO     | caltax:<module>:23 - Initializing FastAPI application...
2026-08-27 06:04:45 | INFO     | caltax:<module>:23 - Initializing FastAPI application...
2026-08-27 06:05:01 | INFO     | caltax:<module>:23 - Initializing FastAPI application...
2026-08-27 06:05:37 | INFO     | caltax:<module>:23 - Initializing FastAPI application...
2026-08-27 06:05:42 | INFO     | caltax:<module>:23 - Initializing FastAPI application...
2026-08-27 06:12:00 | INFO     | caltax:<module>:23 - Initializing FastAPI application...
2026-08-27 06:12:26 | INFO     | caltax:<module>:23 - Initializing FastAPI application...
2026-08-27 06:16:53 | INFO     | caltax:<module>:23 - Initializing FastAPI application...
2026-08-27 06:17:02 | INFO     | caltax:<module>:23 - Initializing FastAPI application...
2026-08-27 06:17:16 | INFO     | caltax:<module>:23 - Initializing FastAPI application...
